The mother of jess is helen
The father of jess is jack
A grandfather of harry is jack
A grandfather of harry is oliver
A grandmother of harry is helen
A grandmother of harry is sophie
helen is an ancestor of harry
jack is an ancestor of harry
james is an ancestor of harry
lily is an ancestor of harry
oliver is an ancestor of harry
sophie is an ancestor of harry
jess is lily's sister
sarah is lily's sister
jess is harry's aunt
sarah is harry's aunt
